// Jest Snapshot v1, https://goo.gl/fbAQLP

exports[`LineEditableInPlaceDataTableCell richtext case LineEditableInPlaceDataTableCell renders with richtext 1`] = `
<div>
  <table>
    <tbody>
      <tr>
        <td
          class=""
        >
          <div>
            {"inputClassName":"gds-typography","inputValue":"richtext","name":"richtext","readOnly":false}
          </div>
        </td>
      </tr>
    </tbody>
  </table>
</div>
`;
